BL51 BANKED LINKER/LOCATER V6.22.2.0                                                    01/14/2023  20:29:03  PAGE 1


BL51 BANKED LINKER/LOCATER V6.22.2.0, INVOKED BY:
D:\KEIL51\C51\BIN\BL51.EXE .\Objects\STARTUP.obj, .\Objects\main.obj TO .\Objects\STC8H1K28_ESC_TEST PRINT (.\Listings\S
>> TC8H1K28_ESC_TEST.m51) RAMSIZE (256)


MEMORY MODEL: SMALL


INPUT MODULES INCLUDED:
  .\Objects\STARTUP.obj (?C_STARTUP)
  .\Objects\main.obj (MAIN)
  D:\KEIL51\C51\LIB\C51S.LIB (?C?CLDPTR)
  D:\KEIL51\C51\LIB\C51S.LIB (?C?SIDIV)
  D:\KEIL51\C51\LIB\C51S.LIB (?C?UIDIV)


LINK MAP OF MODULE:  .\Objects\STC8H1K28_ESC_TEST (?C_STARTUP)


            TYPE    BASE      LENGTH    RELOCATION   SEGMENT NAME
            -----------------------------------------------------

            * * * * * * *   D A T A   M E M O R Y   * * * * * * *
            REG     0000H     0008H     ABSOLUTE     "REG BANK 0"
            DATA    0008H     000FH     UNIT         _DATA_GROUP_
            DATA    0017H     0002H     UNIT         ?DT?UARTRXTEST?MAIN
                    0019H     0007H                  *** GAP ***
            BIT     0020H.0   0001H.0   UNIT         ?BI?MAIN
            DATA    0021H     0029H     UNIT         ?DT?MAIN
            IDATA   004AH     0001H     UNIT         ?STACK

            * * * * * * *   C O D E   M E M O R Y   * * * * * * *
            CODE    0000H     0003H     ABSOLUTE     
                    0003H     0008H                  *** GAP ***
            CODE    000BH     0003H     ABSOLUTE     
                    000EH     0015H                  *** GAP ***
            CODE    0023H     0003H     ABSOLUTE     
                    0026H     0075H                  *** GAP ***
            CODE    009BH     0003H     ABSOLUTE     
                    009EH     0005H                  *** GAP ***
            CODE    00A3H     0003H     ABSOLUTE     
                    00A6H     0005H                  *** GAP ***
            CODE    00ABH     0003H     ABSOLUTE     
                    00AEH     0752H                  *** GAP ***
            CODE    0800H     013BH     UNIT         ?PR?MAIN?MAIN
            CODE    093BH     00F8H     UNIT         ?PR?CMP_ISR?MAIN
            CODE    0A33H     00C0H     UNIT         ?PR?MOTOR_STEP?MAIN
            CODE    0AF3H     00A4H     UNIT         ?C?LIB_CODE
            CODE    0B97H     009EH     UNIT         ?PR?PWMA_CONFIG?MAIN
            CODE    0C35H     0077H     UNIT         ?PR?MOTOR_START?MAIN
            CODE    0CACH     0058H     UNIT         ?PR?TIMER4_ISR?MAIN
            CODE    0D04H     0057H     UNIT         ?PR?_UARTSENDNUM?MAIN
            CODE    0D5BH     0054H     UNIT         ?CO?MAIN
            CODE    0DAFH     0033H     UNIT         ?PR?_GET_ADCRES?MAIN
            CODE    0DE2H     0032H     UNIT         ?PR?UARTISR?MAIN
            CODE    0E14H     002BH     UNIT         ?PR?UARTRXTEST?MAIN
            CODE    0E3FH     0025H     UNIT         ?PR?_UARTSENDSTR?MAIN
            CODE    0E64H     0019H     UNIT         ?PR?ADC_CONFIG?MAIN
BL51 BANKED LINKER/LOCATER V6.22.2.0                                                  01/14/2023  20:29:03  PAGE 2


            CODE    0E7DH     0017H     UNIT         ?PR?_DELAY_US?MAIN
            CODE    0E94H     0016H     UNIT         ?PR?PORT_INIT?MAIN
            CODE    0EAAH     0014H     UNIT         ?PR?TIMER3_CONFIG?MAIN
            CODE    0EBEH     0012H     UNIT         ?PR?UART_CONFIG?MAIN
            CODE    0ED0H     0011H     UNIT         ?PR?TIMER0_CONFIG?MAIN
            CODE    0EE1H     0011H     UNIT         ?PR?TIMER4_CONFIG?MAIN
            CODE    0EF2H     0010H     UNIT         ?PR?_DELAY_N_MS?MAIN
            CODE    0F02H     000DH     UNIT         ?PR?CMP_CONFIG?MAIN
            CODE    0F0FH     000CH     UNIT         ?C_C51STARTUP
            CODE    0F1BH     0008H     UNIT         ?PR?_UARTSEND?MAIN
            CODE    0F23H     0003H     UNIT         ?PR?TIMER0_ISR?MAIN
            CODE    0F26H     0003H     UNIT         ?PR?TIMER3_ISR?MAIN



OVERLAY MAP OF MODULE:   .\Objects\STC8H1K28_ESC_TEST (?C_STARTUP)


SEGMENT                          DATA_GROUP 
  +--> CALLED SEGMENT          START    LENGTH
----------------------------------------------
?C_C51STARTUP                  -----    -----
  +--> ?PR?MAIN?MAIN

?PR?MAIN?MAIN                  0008H    0002H
  +--> ?PR?PORT_INIT?MAIN
  +--> ?PR?PWMA_CONFIG?MAIN
  +--> ?PR?ADC_CONFIG?MAIN
  +--> ?PR?CMP_CONFIG?MAIN
  +--> ?PR?TIMER0_CONFIG?MAIN
  +--> ?PR?TIMER3_CONFIG?MAIN
  +--> ?PR?TIMER4_CONFIG?MAIN
  +--> ?PR?UART_CONFIG?MAIN
  +--> ?CO?MAIN
  +--> ?PR?_UARTSENDSTR?MAIN
  +--> ?PR?_DELAY_N_MS?MAIN
  +--> ?PR?MOTOR_START?MAIN
  +--> ?PR?_UARTSENDNUM?MAIN

?PR?_UARTSENDSTR?MAIN          0014H    0003H
  +--> ?PR?_UARTSEND?MAIN

?PR?MOTOR_START?MAIN           000AH    0002H
  +--> ?PR?MOTOR_STEP?MAIN
  +--> ?PR?_DELAY_N_MS?MAIN
  +--> ?PR?_DELAY_US?MAIN

?PR?_UARTSENDNUM?MAIN          000AH    000AH
  +--> ?PR?_UARTSEND?MAIN
  +--> ?PR?_UARTSENDSTR?MAIN

*** NEW ROOT ***************************************************

?PR?TIMER4_ISR?MAIN            -----    -----
  +--> ?PR?MOTOR_STEP?MAIN


BL51 BANKED LINKER/LOCATER V6.22.2.0                                                  01/14/2023  20:29:03  PAGE 3



SYMBOL TABLE OF MODULE:  .\Objects\STC8H1K28_ESC_TEST (?C_STARTUP)

  VALUE           TYPE          NAME
  ----------------------------------

  -------         MODULE        ?C_STARTUP
  C:0F0FH         SEGMENT       ?C_C51STARTUP
  I:004AH         SEGMENT       ?STACK
  C:0000H         PUBLIC        ?C_STARTUP
  D:00E0H         SYMBOL        ACC
  D:00F0H         SYMBOL        B
  D:0083H         SYMBOL        DPH
  D:0082H         SYMBOL        DPL
  N:0000H         SYMBOL        IBPSTACK
  N:0100H         SYMBOL        IBPSTACKTOP
  N:0080H         SYMBOL        IDATALEN
  C:0F12H         SYMBOL        IDATALOOP
  N:0000H         SYMBOL        PBPSTACK
  N:0100H         SYMBOL        PBPSTACKTOP
  N:0000H         SYMBOL        PDATALEN
  N:0000H         SYMBOL        PDATASTART
  N:0000H         SYMBOL        PPAGE
  N:0000H         SYMBOL        PPAGEENABLE
  D:00A0H         SYMBOL        PPAGE_SFR
  D:0081H         SYMBOL        SP
  C:0F0FH         SYMBOL        STARTUP1
  N:0000H         SYMBOL        XBPSTACK
  N:0000H         SYMBOL        XBPSTACKTOP
  N:0000H         SYMBOL        XDATALEN
  N:0000H         SYMBOL        XDATASTART
  C:0000H         LINE#         126
  C:0F0FH         LINE#         133
  C:0F11H         LINE#         134
  C:0F12H         LINE#         135
  C:0F13H         LINE#         136
  C:0F15H         LINE#         185
  C:0F18H         LINE#         196
  -------         ENDMOD        ?C_STARTUP

  -------         MODULE        MAIN
  C:0000H         SYMBOL        _ICE_DUMMY_
  D:0093H         PUBLIC        P0M1
  D:0092H         PUBLIC        P1M0
  D:0096H         PUBLIC        P2M0
  D:0091H         PUBLIC        P1M1
  D:0080H         PUBLIC        P0
  D:00B2H         PUBLIC        P3M0
  D:0095H         PUBLIC        P2M1
  D:0090H         PUBLIC        P1
  C:0EF2H         PUBLIC        _Delay_n_ms
  D:00B1H         PUBLIC        P3M1
  D:00A0H         PUBLIC        P2
  D:0021H         PUBLIC        PWM_Set
  C:0E64H         PUBLIC        ADC_Config
  D:00CAH         PUBLIC        P5M0
  D:00B0H         PUBLIC        P3
BL51 BANKED LINKER/LOCATER V6.22.2.0                                                  01/14/2023  20:29:03  PAGE 4


  C:0F23H         PUBLIC        Timer0_ISR
  D:00C0H         PUBLIC        P4
  D:00C8H         PUBLIC        P5
  C:0C35H         PUBLIC        Motor_Start
  D:00E8H         PUBLIC        P6
  B:00A8H.7       PUBLIC        EA
  C:0F26H         PUBLIC        Timer3_ISR
  D:00F8H         PUBLIC        P7
  C:0CACH         PUBLIC        Timer4_ISR
  D:0022H         PUBLIC        timeout
  C:0E14H         PUBLIC        UartRxTest
  D:00BAH         PUBLIC        P_SW2
  D:00A8H         PUBLIC        IE
  D:0023H         PUBLIC        debug_phase_time
  C:0A33H         PUBLIC        Motor_Step
  D:00BDH         PUBLIC        ADC_RES
  B:0020H.0       PUBLIC        t4_it_flag1
  B:0020H.1       PUBLIC        t4_it_flag2
  D:0025H         PUBLIC        demagnetizing_cnt
  B:00A8H.4       PUBLIC        ES
  D:00B8H         PUBLIC        IP
  D:00DEH         PUBLIC        ADCCFG
  C:0F02H         PUBLIC        CMP_Config
  B:0098H.0       PUBLIC        RI
  B:0098H.1       PUBLIC        TI
  C:0E94H         PUBLIC        Port_Init
  B:0020H.2       PUBLIC        t0_flag
  B:0020H.3       PUBLIC        t3_flag
  C:0800H         PUBLIC        main
  D:00E6H         PUBLIC        CMPCR1
  D:00E7H         PUBLIC        CMPCR2
  C:0F1BH         PUBLIC        _UartSend
  D:0026H         PUBLIC        time_index
  C:093BH         PUBLIC        CMP_ISR
  D:00BCH         PUBLIC        ADC_CONTR
  D:0099H         PUBLIC        SBUF
  B:0090H.0       PUBLIC        P10
  B:0090H.1       PUBLIC        P11
  B:0090H.2       PUBLIC        P12
  D:0098H         PUBLIC        SCON
  B:0090H.3       PUBLIC        P13
  B:0090H.4       PUBLIC        P14
  D:0089H         PUBLIC        TMOD
  D:0088H         PUBLIC        TCON
  B:0090H.5       PUBLIC        P15
  D:0027H         PUBLIC        step
  B:0020H.4       PUBLIC        m_starting
  D:00AFH         PUBLIC        IE2
  D:008EH         PUBLIC        AUXR
  B:0020H.5       PUBLIC        busy
  B:00A8H.1       PUBLIC        ET0
  D:008CH         PUBLIC        TH0
  C:0DE2H         PUBLIC        UartIsr
  D:00D6H         PUBLIC        T2H
  D:0028H         PUBLIC        wptr
  D:00D4H         PUBLIC        T3H
  D:00D2H         PUBLIC        T4H
BL51 BANKED LINKER/LOCATER V6.22.2.0                                                  01/14/2023  20:29:03  PAGE 5


  D:008AH         PUBLIC        TL0
  D:00D7H         PUBLIC        T2L
  B:0020H.6       PUBLIC        m_running
  D:00D5H         PUBLIC        T3L
  D:00D3H         PUBLIC        T4L
  D:0029H         PUBLIC        PWM_Value
  B:0088H.4       PUBLIC        TR0
  C:0EBEH         PUBLIC        Uart_Config
  D:002AH         PUBLIC        phase_time_tmp
  C:0E7DH         PUBLIC        _delay_us
  C:0D04H         PUBLIC        _UartSendNum
  D:00D1H         PUBLIC        T4T3M
  D:00BEH         PUBLIC        ADC_RESL
  C:0E3FH         PUBLIC        _UartSendStr
  C:0ED0H         PUBLIC        Timer0_Config
  C:0B97H         PUBLIC        PWMA_Config
  C:0EAAH         PUBLIC        Timer3_Config
  C:0EE1H         PUBLIC        Timer4_Config
  C:0DAFH         PUBLIC        _Get_ADCRes
  D:00D0H         PUBLIC        PSW
  B:0020H.7       PUBLIC        cmp_it_flag
  D:003AH         PUBLIC        buffer
  D:0094H         PUBLIC        P0M0
  -------         PROC          _DELAY_N_MS
  D:0007H         SYMBOL        dly
  -------         DO            
  D:0004H         SYMBOL        j
  -------         ENDDO         
  C:0EF2H         LINE#         65
  C:0EF2H         LINE#         66
  C:0EF2H         LINE#         69
  C:0EF2H         LINE#         70
  C:0EF6H         LINE#         71
  C:0EFFH         LINE#         72
  C:0F01H         LINE#         73
  -------         ENDPROC       _DELAY_N_MS
  -------         PROC          _DELAY_US
  D:0007H         SYMBOL        us
  C:0E7DH         LINE#         75
  C:0E7DH         LINE#         76
  C:0E7DH         LINE#         78
  C:0E7DH         LINE#         79
  C:0E7EH         LINE#         80
  C:0E7FH         LINE#         81
  C:0E80H         LINE#         82
  C:0E81H         LINE#         83
  C:0E82H         LINE#         84
  C:0E83H         LINE#         85
  C:0E84H         LINE#         86
  C:0E85H         LINE#         87
  C:0E86H         LINE#         88
  C:0E87H         LINE#         89
  C:0E88H         LINE#         90
  C:0E89H         LINE#         91
  C:0E8AH         LINE#         92
  C:0E8BH         LINE#         93
  C:0E8CH         LINE#         94
BL51 BANKED LINKER/LOCATER V6.22.2.0                                                  01/14/2023  20:29:03  PAGE 6


  C:0E8DH         LINE#         95
  C:0E8EH         LINE#         96
  C:0E8FH         LINE#         97
  C:0E90H         LINE#         98
  C:0E91H         LINE#         99
  C:0E91H         LINE#         100
  C:0E93H         LINE#         101
  -------         ENDPROC       _DELAY_US
  -------         PROC          UARTISR
  C:0DE2H         LINE#         129
  C:0DEDH         LINE#         131
  C:0DF0H         LINE#         132
  C:0DF0H         LINE#         133
  C:0DF2H         LINE#         134
  C:0DF4H         LINE#         135
  C:0DF4H         LINE#         136
  C:0DF7H         LINE#         137
  C:0DF7H         LINE#         138
  C:0DF9H         LINE#         139
  C:0E03H         LINE#         140
  C:0E08H         LINE#         141
  C:0E0BH         LINE#         142
  C:0E0BH         LINE#         143
  -------         ENDPROC       UARTISR
  -------         PROC          UARTRXTEST
  -------         DO            
  D:0017H         SYMBOL        len
  D:0018H         SYMBOL        i
  -------         ENDDO         
  C:0E14H         LINE#         145
  C:0E14H         LINE#         146
  C:0E14H         LINE#         147
  C:0E19H         LINE#         148
  C:0E19H         LINE#         149
  C:0E1DH         LINE#         151
  C:0E26H         LINE#         152
  C:0E30H         LINE#         153
  C:0E3BH         LINE#         154
  C:0E3EH         LINE#         155
  C:0E3EH         LINE#         156
  -------         ENDPROC       UARTRXTEST
  -------         PROC          MAIN
  -------         DO            
  D:0007H         SYMBOL        i
  D:0008H         SYMBOL        j
  -------         ENDDO         
  C:0800H         LINE#         158
  C:0800H         LINE#         159
  C:0800H         LINE#         163
  C:0803H         LINE#         165
  C:0806H         LINE#         166
  C:0809H         LINE#         167
  C:080CH         LINE#         168
  C:080FH         LINE#         169
  C:0812H         LINE#         170
  C:0815H         LINE#         171
  C:0818H         LINE#         173
BL51 BANKED LINKER/LOCATER V6.22.2.0                                                  01/14/2023  20:29:03  PAGE 7


  C:081BH         LINE#         174
  C:081DH         LINE#         176
  C:0820H         LINE#         177
  C:0823H         LINE#         179
  C:0825H         LINE#         181
  C:082EH         LINE#         185
  C:082EH         LINE#         186
  C:082EH         LINE#         187
  C:0831H         LINE#         188
  C:0831H         LINE#         189
  C:0833H         LINE#         190
  C:0837H         LINE#         191
  C:0837H         LINE#         192
  C:083DH         LINE#         193
  C:083DH         LINE#         194
  C:0846H         LINE#         195
  C:0848H         LINE#         196
  C:084BH         LINE#         197
  C:084EH         LINE#         198
  C:0852H         LINE#         199
  C:0858H         LINE#         200
  C:085CH         LINE#         201
  C:0860H         LINE#         202
  C:0862H         LINE#         203
  C:0864H         LINE#         204
  C:0866H         LINE#         205
  C:086BH         LINE#         206
  C:086BH         LINE#         207
  C:086BH         LINE#         208
  C:0879H         LINE#         209
  C:0879H         LINE#         210
  C:0882H         LINE#         211
  C:0884H         LINE#         212
  C:089EH         LINE#         213
  C:08A1H         LINE#         214
  C:08A3H         LINE#         215
  C:08A6H         LINE#         216
  C:08A9H         LINE#         217
  C:08B3H         LINE#         218
  C:08B6H         LINE#         219
  C:08B8H         LINE#         220
  C:08BDH         LINE#         221
  C:08C2H         LINE#         222
  C:08C5H         LINE#         223
  C:08C5H         LINE#         224
  C:08C8H         LINE#         225
  C:08C8H         LINE#         226
  C:08D1H         LINE#         227
  C:08DAH         LINE#         228
  C:08E6H         LINE#         229
  C:08ECH         LINE#         230
  C:08F2H         LINE#         231
  C:08F2H         LINE#         232
  C:08F5H         LINE#         233
  C:08F5H         LINE#         234
  C:08F7H         LINE#         235
  C:0900H         LINE#         236
BL51 BANKED LINKER/LOCATER V6.22.2.0                                                  01/14/2023  20:29:03  PAGE 8


  C:0909H         LINE#         237
  C:0910H         LINE#         238
  C:0919H         LINE#         239
  C:0919H         LINE#         240
  C:091CH         LINE#         241
  C:091CH         LINE#         242
  C:091EH         LINE#         243
  C:0927H         LINE#         244
  C:0927H         LINE#         245
  C:092DH         LINE#         246
  C:092DH         LINE#         247
  C:092FH         LINE#         248
  C:0938H         LINE#         249
  C:0938H         LINE#         250
  C:0938H         LINE#         251
  -------         ENDPROC       MAIN
  -------         PROC          PORT_INIT
  C:0E94H         LINE#         254
  C:0E94H         LINE#         255
  C:0E94H         LINE#         256
  C:0E97H         LINE#         257
  C:0E99H         LINE#         258
  C:0E9BH         LINE#         259
  C:0E9DH         LINE#         260
  C:0E9FH         LINE#         261
  C:0EA1H         LINE#         262
  C:0EA3H         LINE#         263
  C:0EA5H         LINE#         264
  C:0EA7H         LINE#         265
  C:0EA9H         LINE#         266
  -------         ENDPROC       PORT_INIT
  -------         PROC          PWMA_CONFIG
  C:0B97H         LINE#         268
  C:0B97H         LINE#         269
  C:0B97H         LINE#         271
  C:0B99H         LINE#         272
  C:0B9BH         LINE#         273
  C:0B9DH         LINE#         274
  C:0B9FH         LINE#         275
  C:0BA1H         LINE#         276
  C:0BA3H         LINE#         279
  C:0BA6H         LINE#         280
  C:0BA9H         LINE#         282
  C:0BB2H         LINE#         283
  C:0BB8H         LINE#         285
  C:0BC1H         LINE#         286
  C:0BC6H         LINE#         287
  C:0BC8H         LINE#         288
  C:0BCCH         LINE#         289
  C:0BCEH         LINE#         290
  C:0BD2H         LINE#         291
  C:0BD4H         LINE#         292
  C:0BD8H         LINE#         294
  C:0BDEH         LINE#         295
  C:0BE5H         LINE#         296
  C:0BECH         LINE#         297
  C:0BF1H         LINE#         299
BL51 BANKED LINKER/LOCATER V6.22.2.0                                                  01/14/2023  20:29:03  PAGE 9


  C:0BF7H         LINE#         300
  C:0BFEH         LINE#         301
  C:0C05H         LINE#         302
  C:0C0AH         LINE#         304
  C:0C10H         LINE#         305
  C:0C17H         LINE#         306
  C:0C1EH         LINE#         307
  C:0C23H         LINE#         309
  C:0C29H         LINE#         310
  C:0C2EH         LINE#         311
  C:0C34H         LINE#         312
  -------         ENDPROC       PWMA_CONFIG
  -------         PROC          ADC_CONFIG
  C:0E64H         LINE#         314
  C:0E64H         LINE#         315
  C:0E64H         LINE#         317
  C:0E67H         LINE#         318
  C:0E6AH         LINE#         321
  C:0E6DH         LINE#         322
  C:0E70H         LINE#         324
  C:0E73H         LINE#         325
  C:0E76H         LINE#         326
  C:0E7CH         LINE#         327
  -------         ENDPROC       ADC_CONFIG
  -------         PROC          CMP_CONFIG
  C:0F02H         LINE#         329
  C:0F02H         LINE#         330
  C:0F02H         LINE#         332
  C:0F05H         LINE#         333
  C:0F08H         LINE#         335
  C:0F0BH         LINE#         338
  C:0F0EH         LINE#         339
  -------         ENDPROC       CMP_CONFIG
  -------         PROC          TIMER0_CONFIG
  C:0ED0H         LINE#         341
  C:0ED0H         LINE#         342
  C:0ED0H         LINE#         343
  C:0ED3H         LINE#         344
  C:0ED6H         LINE#         347
  C:0ED9H         LINE#         348
  C:0EDCH         LINE#         349
  C:0EDEH         LINE#         350
  C:0EE0H         LINE#         351
  -------         ENDPROC       TIMER0_CONFIG
  -------         PROC          TIMER3_CONFIG
  C:0EAAH         LINE#         353
  C:0EAAH         LINE#         354
  C:0EAAH         LINE#         355
  C:0EADH         LINE#         356
  C:0EB0H         LINE#         357
  C:0EB2H         LINE#         359
  C:0EB7H         LINE#         360
  C:0EBAH         LINE#         361
  C:0EBDH         LINE#         362
  -------         ENDPROC       TIMER3_CONFIG
  -------         PROC          TIMER4_CONFIG
  C:0EE1H         LINE#         364
BL51 BANKED LINKER/LOCATER V6.22.2.0                                                  01/14/2023  20:29:03  PAGE 10


  C:0EE1H         LINE#         365
  C:0EE1H         LINE#         366
  C:0EE4H         LINE#         367
  C:0EE7H         LINE#         368
  C:0EE9H         LINE#         373
  C:0EEEH         LINE#         374
  C:0EF1H         LINE#         376
  -------         ENDPROC       TIMER4_CONFIG
  -------         PROC          _GET_ADCRES
  D:0007H         SYMBOL        ch
  -------         DO            
  D:0006H         SYMBOL        i
  -------         ENDDO         
  C:0DAFH         LINE#         378
  C:0DAFH         LINE#         379
  C:0DAFH         LINE#         380
  C:0DB1H         LINE#         381
  C:0DB4H         LINE#         382
  C:0DB6H         LINE#         383
  C:0DBBH         LINE#         384
  C:0DBCH         LINE#         385
  C:0DBFH         LINE#         386
  C:0DBFH         LINE#         387
  C:0DC0H         LINE#         388
  C:0DC6H         LINE#         389
  C:0DC6H         LINE#         390
  C:0DC9H         LINE#         391
  C:0DE1H         LINE#         392
  -------         ENDPROC       _GET_ADCRES
  -------         PROC          MOTOR_START
  -------         DO            
  D:000AH         SYMBOL        timer
  D:0004H         SYMBOL        i
  -------         ENDDO         
  C:0C35H         LINE#         394
  C:0C35H         LINE#         395
  C:0C35H         LINE#         397
  C:0C38H         LINE#         399
  C:0C3BH         LINE#         400
  C:0C41H         LINE#         401
  C:0C45H         LINE#         402
  C:0C49H         LINE#         403
  C:0C4CH         LINE#         404
  C:0C4FH         LINE#         405
  C:0C54H         LINE#         407
  C:0C5AH         LINE#         409
  C:0C5AH         LINE#         410
  C:0C5AH         LINE#         411
  C:0C72H         LINE#         412
  C:0C8DH         LINE#         413
  C:0C9DH         LINE#         414
  C:0CA0H         LINE#         415
  C:0CABH         LINE#         416
  C:0CABH         LINE#         417
  -------         ENDPROC       MOTOR_START
  -------         PROC          MOTOR_STEP
  C:0A33H         LINE#         421
BL51 BANKED LINKER/LOCATER V6.22.2.0                                                  01/14/2023  20:29:03  PAGE 11


  C:0A33H         LINE#         422
  C:0A33H         LINE#         423
  C:0A4EH         LINE#         424
  C:0A4EH         LINE#         425
  C:0A4EH         LINE#         426
  C:0A53H         LINE#         427
  C:0A55H         LINE#         428
  C:0A57H         LINE#         429
  C:0A5BH         LINE#         430
  C:0A5DH         LINE#         431
  C:0A5FH         LINE#         432
  C:0A62H         LINE#         433
  C:0A67H         LINE#         436
  C:0A67H         LINE#         437
  C:0A6DH         LINE#         438
  C:0A6FH         LINE#         439
  C:0A71H         LINE#         440
  C:0A75H         LINE#         441
  C:0A77H         LINE#         442
  C:0A7AH         LINE#         443
  C:0A7FH         LINE#         444
  C:0A7FH         LINE#         445
  C:0A81H         LINE#         446
  C:0A81H         LINE#         447
  C:0A86H         LINE#         448
  C:0A88H         LINE#         449
  C:0A8AH         LINE#         450
  C:0A8EH         LINE#         451
  C:0A91H         LINE#         452
  C:0A93H         LINE#         453
  C:0A96H         LINE#         454
  C:0A9BH         LINE#         455
  C:0A9BH         LINE#         456
  C:0A9DH         LINE#         457
  C:0A9DH         LINE#         458
  C:0AA3H         LINE#         459
  C:0AA5H         LINE#         460
  C:0AA7H         LINE#         461
  C:0AABH         LINE#         462
  C:0AADH         LINE#         463
  C:0AB0H         LINE#         464
  C:0AB5H         LINE#         465
  C:0AB5H         LINE#         466
  C:0AB7H         LINE#         467
  C:0AB7H         LINE#         468
  C:0ABCH         LINE#         469
  C:0ABEH         LINE#         470
  C:0AC0H         LINE#         471
  C:0AC4H         LINE#         472
  C:0AC7H         LINE#         473
  C:0AC9H         LINE#         474
  C:0ACCH         LINE#         475
  C:0AD3H         LINE#         476
  C:0AD3H         LINE#         477
  C:0AD5H         LINE#         478
  C:0AD5H         LINE#         479
  C:0ADBH         LINE#         480
BL51 BANKED LINKER/LOCATER V6.22.2.0                                                  01/14/2023  20:29:03  PAGE 12


  C:0ADDH         LINE#         481
  C:0ADFH         LINE#         482
  C:0AE3H         LINE#         483
  C:0AE5H         LINE#         484
  C:0AE8H         LINE#         485
  C:0AEFH         LINE#         486
  C:0AF2H         LINE#         487
  C:0AF2H         LINE#         488
  C:0AF2H         LINE#         489
  C:0AF2H         LINE#         490
  C:0AF2H         LINE#         491
  -------         ENDPROC       MOTOR_STEP
  -------         PROC          UART_CONFIG
  C:0EBEH         LINE#         493
  C:0EBEH         LINE#         494
  C:0EBEH         LINE#         495
  C:0EC1H         LINE#         496
  C:0EC4H         LINE#         497
  C:0EC7H         LINE#         498
  C:0ECAH         LINE#         499
  C:0ECDH         LINE#         500
  C:0ECFH         LINE#         501
  -------         ENDPROC       UART_CONFIG
  -------         PROC          _UARTSEND
  D:0007H         SYMBOL        dat
  C:0F1BH         LINE#         503
  C:0F1BH         LINE#         504
  C:0F1BH         LINE#         505
  C:0F1EH         LINE#         506
  C:0F20H         LINE#         507
  C:0F22H         LINE#         508
  -------         ENDPROC       _UARTSEND
  -------         PROC          _UARTSENDSTR
  D:0014H         SYMBOL        p
  C:0E3FH         LINE#         510
  C:0E45H         LINE#         511
  C:0E45H         LINE#         512
  C:0E50H         LINE#         513
  C:0E50H         LINE#         514
  C:0E61H         LINE#         515
  C:0E63H         LINE#         516
  -------         ENDPROC       _UARTSENDSTR
  -------         PROC          _UARTSENDNUM
  D:000AH         SYMBOL        num
  -------         DO            
  D:000CH         SYMBOL        buf
  D:0002H         SYMBOL        dat
  D:0003H         SYMBOL        i
  -------         ENDDO         
  C:0D04H         LINE#         518
  C:0D08H         LINE#         519
  C:0D08H         LINE#         522
  C:0D0AH         LINE#         523
  C:0D13H         LINE#         524
  C:0D13H         LINE#         525
  C:0D18H         LINE#         526
  C:0D23H         LINE#         527
BL51 BANKED LINKER/LOCATER V6.22.2.0                                                  01/14/2023  20:29:03  PAGE 13


  C:0D23H         LINE#         528
  C:0D29H         LINE#         529
  C:0D29H         LINE#         530
  C:0D36H         LINE#         531
  C:0D40H         LINE#         532
  C:0D4FH         LINE#         533
  C:0D50H         LINE#         534
  C:0D52H         LINE#         535
  -------         ENDPROC       _UARTSENDNUM
  -------         PROC          CMP_ISR
  -------         DO            
  D:0004H         SYMBOL        phase_time
  D:0007H         SYMBOL        i
  -------         ENDDO         
  C:093BH         LINE#         541
  C:0950H         LINE#         546
  C:0959H         LINE#         548
  C:0960H         LINE#         549
  C:0960H         LINE#         550
  C:0963H         LINE#         551
  C:0966H         LINE#         552
  C:0966H         LINE#         553
  C:0968H         LINE#         554
  C:096CH         LINE#         555
  C:096EH         LINE#         557
  C:096EH         LINE#         558
  C:0981H         LINE#         559
  C:0981H         LINE#         560
  C:0981H         LINE#         561
  C:0984H         LINE#         562
  C:0987H         LINE#         563
  C:098AH         LINE#         565
  C:0996H         LINE#         566
  C:09A6H         LINE#         567
  C:09B6H         LINE#         568
  C:09B6H         LINE#         569
  C:09C5H         LINE#         570
  C:09C8H         LINE#         571
  C:09D6H         LINE#         572
  C:09DAH         LINE#         573
  C:09EAH         LINE#         574
  C:09EAH         LINE#         575
  C:09ECH         LINE#         576
  C:09EFH         LINE#         577
  C:09EFH         LINE#         578
  C:0A02H         LINE#         579
  C:0A06H         LINE#         581
  C:0A09H         LINE#         582
  C:0A10H         LINE#         583
  C:0A16H         LINE#         584
  C:0A18H         LINE#         585
  C:0A1AH         LINE#         586
  C:0A1DH         LINE#         587
  C:0A20H         LINE#         588
  C:0A20H         LINE#         589
  -------         ENDPROC       CMP_ISR
  -------         PROC          TIMER0_ISR
BL51 BANKED LINKER/LOCATER V6.22.2.0                                                  01/14/2023  20:29:03  PAGE 14


  C:0F23H         LINE#         591
  C:0F23H         LINE#         594
  C:0F25H         LINE#         595
  -------         ENDPROC       TIMER0_ISR
  -------         PROC          TIMER3_ISR
  C:0F26H         LINE#         597
  C:0F26H         LINE#         600
  C:0F28H         LINE#         601
  -------         ENDPROC       TIMER3_ISR
  -------         PROC          TIMER4_ISR
  C:0CACH         LINE#         606
  C:0CBBH         LINE#         608
  C:0CBEH         LINE#         610
  C:0CC7H         LINE#         611
  C:0CC7H         LINE#         612
  C:0CCAH         LINE#         613
  C:0CCDH         LINE#         614
  C:0CCDH         LINE#         615
  C:0CCFH         LINE#         616
  C:0CDFH         LINE#         617
  C:0CE2H         LINE#         618
  C:0CE2H         LINE#         620
  C:0CE5H         LINE#         621
  C:0CE8H         LINE#         622
  C:0CEBH         LINE#         623
  C:0CEDH         LINE#         624
  C:0CF3H         LINE#         625
  C:0CF3H         LINE#         626
  C:0CF5H         LINE#         627
  C:0CF7H         LINE#         628
  C:0CF7H         LINE#         629
  -------         ENDPROC       TIMER4_ISR
  -------         ENDMOD        MAIN

  -------         MODULE        ?C?CLDPTR
  C:0AF3H         PUBLIC        ?C?CLDPTR
  -------         ENDMOD        ?C?CLDPTR

  -------         MODULE        ?C?SIDIV
  C:0B0CH         PUBLIC        ?C?SIDIV
  -------         ENDMOD        ?C?SIDIV

  -------         MODULE        ?C?UIDIV
  C:0B42H         PUBLIC        ?C?UIDIV
  -------         ENDMOD        ?C?UIDIV

*** WARNING L16: UNCALLED SEGMENT, IGNORED FOR OVERLAY PROCESS
    SEGMENT: ?PR?UARTRXTEST?MAIN

*** WARNING L16: UNCALLED SEGMENT, IGNORED FOR OVERLAY PROCESS
    SEGMENT: ?PR?_GET_ADCRES?MAIN

******************************************************************************
* RESTRICTED VERSION WITH 0800H BYTE CODE SIZE LIMIT; USED: 0697H BYTE (82%) *
******************************************************************************

Program Size: data=68.0 xdata=0 code=1851
BL51 BANKED LINKER/LOCATER V6.22.2.0                                                  01/14/2023  20:29:03  PAGE 15


LINK/LOCATE RUN COMPLETE.  2 WARNING(S),  0 ERROR(S)
