C51 COMPILER V9.60.0.0   MAIN                                                              01/17/2023 15:09:26 PAGE 1   


C51 COMPILER V9.60.0.0, COMPILATION OF MODULE MAIN
OBJECT MODULE PLACED IN .\Objects\main.obj
COMPILER INVOKED BY: C:\Keil_c51\C51\BIN\C51.EXE main.c OPTIMIZE(8,SPEED) BROWSE DEBUG OBJECTEXTEND PRINT(.\Listings\mai
                    -n.lst) TABS(2) OBJECT(.\Objects\main.obj)

line level    source

   1          #include "stc8h.h"
   2          #include <intrins.h>
   3          
   4          /*
   5           * PWM1接P1.0，配置推挽输出和PWM输出，控制电机U相高位MOS管选通信号，高电平导通，低电平截止
   6           * PWM1_L接P1.1，配置推挽输出，控制电机U相低位MOS管选通信号，高电平导通，低电平截止
   7           * PWM2接P1.2，配置推挽输出和PWM输出，控制电机V相高位MOS管选通信号，高电平导通，低电平截止
   8           * PWM2_L接P1.3，配置推挽输出，控制电机V相低位MOS管选通信号，高电平导通，低电平截止
   9           * PWM3接P1.4，配置推挽输出和PWM输出，控制电机W相高位MOS管选通信号，高电平导通，低电平截止
  10           * PWM3_L接P1.5，配置推挽输出，控制电机W相低位MOS管选通信号，高电平导通，低电平截止
  11           * ADC8（P0.0），配置高阻输入，采样电机U相感应电动势，用于过零检测比较器正输入
  12           * ADC9（P0.1），配置高阻输入，采样电机V相感应电动势
  13           * ADC10（P0.2），配置高阻输入，采样电机W相感应电动势
  14           * CMP-（P3.6），配置为高阻输入，接过零检测电路中点
  15          */
  16          
  17          /*
  18           * 无刷电机通电次序
  19           * AB-AC-BC-BA-CA-CB-AB
  20           * 相对应感应电动势变化
  21           * C下降-B上升-A下降-C上升-B下降-A上升-C下降
  22          */
  23          
  24          #include "sys.h"
  25          #include "common.h"
  26          #include "uart.h"
  27          #include "pwm.h"
  28          #include "adc.h"
  29          #include "motor.h"
  30          #include "timer.h"
  31          #include "cmp.h"
  32          #include "beep.h"
  33          
  34          u16 cap_res_g[8];
  35          u16 cap_res_lp;
  36          u8 ch;
  37          
  38          void Port_Init(void); //芯片复位后引脚初始化
  39          
  40          void main(void)
  41          {
  42   1        u8  i;
  43   1        u8 j;
  44   1        u32 sum;
  45   1        
  46   1        P_SW2 |= 0x80; //使能XFR
  47   1        
  48   1        Port_Init();  //调用端口初始化函数
  49   1        
  50   1        
  51   1        PWMA_Config();  //调用PWMA初始化函数
  52   1        ADC_Config(); //调用ADC初始化函数
  53   1        CMP_Config(); //调用模拟比较器初始化函数
  54   1        Timer0_Config();  //调用定时器0初始化函数
C51 COMPILER V9.60.0.0   MAIN                                                              01/17/2023 15:09:26 PAGE 2   

  55   1        Timer1_Config();
  56   1        Timer2_Config();
  57   1        //Timer3_Config();  //调用定时器3初始化函数
  58   1        //Timer4_Config();  //调用定时器4初始化函数
  59   1      
  60   1        PWMB_Config();
  61   1        
  62   1        //Uart_Config();  //调用串口初始化函数
  63   1        //ES = 1;
  64   1        
  65   1        PWM_Set = 0;
  66   1        PWM_Value = 0;
  67   1        timeout = 0;
  68   1        
  69   1        Delay_n_ms(250);
  70   1        beep_1KHz(500);
  71   1        Delay_n_ms(250);
  72   1        
  73   1        EA = 1; //打开总中断
  74   1        
  75   1        //UartSendStr("--Brushless ESC Test--\r\n");
  76   1        
  77   1        while(1)
  78   1        {
  79   2          
  80   2          if(t0_flag)
  81   2          {
  82   3            t0_flag = 0;
  83   3            
  84   3            if(timeout != 0)
  85   3            {
  86   4              if(--timeout == 0)
  87   4              {
  88   5                m_running = 0;
  89   5                PWM_Value = 0;
  90   5                CMPCR1 = 0x8c;
  91   5                PWMA_ENO = 0;
  92   5                PWMA_CCR1 = 0;
  93   5                PWMA_CCR2 = 0;
  94   5                PWMA_CCR3 = 0;
  95   5                PWM1_L = 0;
  96   5                PWM2_L = 0;
  97   5                PWM3_L = 0;
  98   5                Delay_n_ms(250);
  99   5              }
 100   4            }
 101   3            if(!m_running && (PWM_Set >= D_START_PWM))
 102   3            {
 103   4              //UartSendStr("-Start-\r\n");
 104   4              m_starting = 1;
 105   4              for(i = 0;i<8;i++) phase_time_tmp[i] = 400; 
 106   4              Motor_Start();
 107   4              m_starting = 0;
 108   4              demagnetizing_cnt = 0;
 109   4              CMPCR1 &= ~0x40;
 110   4              if(step & 1)  CMPCR1 = 0xAC;    //上升沿中断
 111   4              else      CMPCR1 = 0x9C;    //下降沿中断
 112   4              m_running = 1;
 113   4              Delay_n_ms(250);  //延时一下, 先启动起来
 114   4              Delay_n_ms(250);
 115   4              timeout = 125;    //启动超时时间 125*4 = 500ms
 116   4            }
C51 COMPILER V9.60.0.0   MAIN                                                              01/17/2023 15:09:26 PAGE 3   

 117   3            if(m_running)
 118   3            {
 119   4              //UartSendStr("-Run-\r\n");
 120   4              if(PWM_Value < PWM_Set) PWM_Value++;
 121   4              if(PWM_Value > PWM_Set) PWM_Value--;
 122   4              if(PWM_Value<(D_START_PWM-5))
 123   4              {
 124   5                m_running = 0;
 125   5                PWM_Value = 0;
 126   5                CMPCR1 = 0x8c;
 127   5                PWMA_ENO = 0;
 128   5                PWM1_L = 0;
 129   5                PWM2_L = 0;
 130   5                PWM3_L = 0;
 131   5              }
 132   4              PWMA_CCR1L = PWM_Value;
 133   4              PWMA_CCR2L = PWM_Value;
 134   4              PWMA_CCR3L = PWM_Value;
 135   4            }
 136   3            
 137   3            cap_res_g[j] = pwmb_cap_res;
 138   3            j++;
 139   3            j &= 0x07;
 140   3            for(sum = 0,i = 0;i<8;i++)
 141   3            {
 142   4              sum += cap_res_g[i];
 143   4            }
 144   3            cap_res_lp = sum>>3;
 145   3            if(cap_res_lp<1100)
 146   3            {
 147   4              PWM_Set = 25;
 148   4            }
 149   3            else if(cap_res_lp>1900)
 150   3            {
 151   4              PWM_Set = 230;
 152   4            }
 153   3            else if((cap_res_lp>=1100) && (cap_res_lp <= 1900))
 154   3            {
 155   4              PWM_Set = (u8)((cap_res_lp - 1000)>>2);
 156   4            }
 157   3            
 158   3          }
 159   2          
 160   2        }
 161   1      }
 162          
 163          void Port_Init(void)
 164          {
 165   1        P0M0 = 0x00;
 166   1        P0M1 = 0x00; //P0端口初始化为双向口
 167   1        P1M0 = 0x00;
 168   1        P1M1 = 0x00; //P1端口初始化为双向口
 169   1        P2M0 = 0x00;
 170   1        P2M1 = 0x00; //P2端口初始化为双向口
 171   1        P3M0 = 0x00;
 172   1        P3M1 = 0x00; //P3端口初始化为双向口
 173   1        P5M0 = 0x00;
 174   1        P5M0 = 0x00; //P5端口初始化为双向口
 175   1      }


MODULE INFORMATION:   STATIC OVERLAYABLE
C51 COMPILER V9.60.0.0   MAIN                                                              01/17/2023 15:09:26 PAGE 4   

   CODE SIZE        =   1583    ----
   CONSTANT SIZE    =   ----    ----
   XDATA SIZE       =   ----    ----
   PDATA SIZE       =   ----    ----
   DATA SIZE        =     51       6
   IDATA SIZE       =   ----    ----
   BIT SIZE         =      6    ----
END OF MODULE INFORMATION.


C51 COMPILATION COMPLETE.  0 WARNING(S),  0 ERROR(S)
