BL51 BANKED LINKER/LOCATER V6.22.2.0                                                    01/12/2023  17:00:20  PAGE 1


BL51 BANKED LINKER/LOCATER V6.22.2.0, INVOKED BY:
C:\KEIL_C51\C51\BIN\BL51.EXE .\Objects\STARTUP.obj, .\Objects\main.obj TO .\Objects\STC8H1K17_ESC_TEST PRINT (.\Listings
>> \STC8H1K17_ESC_TEST.m51) RAMSIZE (256)


MEMORY MODEL: SMALL


INPUT MODULES INCLUDED:
  .\Objects\STARTUP.obj (?C_STARTUP)
  .\Objects\main.obj (MAIN)


LINK MAP OF MODULE:  .\Objects\STC8H1K17_ESC_TEST (?C_STARTUP)


            TYPE    BASE      LENGTH    RELOCATION   SEGMENT NAME
            -----------------------------------------------------

            * * * * * * *   D A T A   M E M O R Y   * * * * * * *
            REG     0000H     0008H     ABSOLUTE     "REG BANK 0"
            IDATA   0008H     0001H     UNIT         ?STACK

            * * * * * * *   C O D E   M E M O R Y   * * * * * * *
            CODE    0000H     0003H     ABSOLUTE     
            CODE    0003H     005BH     UNIT         ?PR?PWMA_CONFIG?MAIN
            CODE    005EH     0018H     UNIT         ?PR?MAIN?MAIN
            CODE    0076H     0016H     UNIT         ?PR?PORT_INIT?MAIN
            CODE    008CH     000CH     UNIT         ?C_C51STARTUP



OVERLAY MAP OF MODULE:   .\Objects\STC8H1K17_ESC_TEST (?C_STARTUP)


SEGMENT
  +--> CALLED SEGMENT
---------------------
?C_C51STARTUP
  +--> ?PR?MAIN?MAIN

?PR?MAIN?MAIN
  +--> ?PR?PORT_INIT?MAIN
  +--> ?PR?PWMA_CONFIG?MAIN



UNRESOLVED EXTERNAL SYMBOLS:
   ADC_CONFIG
   CMP_CONFIG
   TIMER0_CONFIG
   TIMER3_CONFIG
   TIMER4_CONFIG



SYMBOL TABLE OF MODULE:  .\Objects\STC8H1K17_ESC_TEST (?C_STARTUP)

BL51 BANKED LINKER/LOCATER V6.22.2.0                                                  01/12/2023  17:00:20  PAGE 2


  VALUE           TYPE          NAME
  ----------------------------------

  -------         MODULE        ?C_STARTUP
  C:008CH         SEGMENT       ?C_C51STARTUP
  I:0008H         SEGMENT       ?STACK
  C:0000H         PUBLIC        ?C_STARTUP
  D:00E0H         SYMBOL        ACC
  D:00F0H         SYMBOL        B
  D:0083H         SYMBOL        DPH
  D:0082H         SYMBOL        DPL
  N:0000H         SYMBOL        IBPSTACK
  N:0100H         SYMBOL        IBPSTACKTOP
  N:0080H         SYMBOL        IDATALEN
  C:008FH         SYMBOL        IDATALOOP
  N:0000H         SYMBOL        PBPSTACK
  N:0100H         SYMBOL        PBPSTACKTOP
  N:0000H         SYMBOL        PDATALEN
  N:0000H         SYMBOL        PDATASTART
  N:0000H         SYMBOL        PPAGE
  N:0000H         SYMBOL        PPAGEENABLE
  D:00A0H         SYMBOL        PPAGE_SFR
  D:0081H         SYMBOL        SP
  C:008CH         SYMBOL        STARTUP1
  N:0000H         SYMBOL        XBPSTACK
  N:0000H         SYMBOL        XBPSTACKTOP
  N:0000H         SYMBOL        XDATALEN
  N:0000H         SYMBOL        XDATASTART
  C:0000H         LINE#         126
  C:008CH         LINE#         133
  C:008EH         LINE#         134
  C:008FH         LINE#         135
  C:0090H         LINE#         136
  C:0092H         LINE#         185
  C:0095H         LINE#         196
  -------         ENDMOD        ?C_STARTUP

  -------         MODULE        MAIN
  C:0000H         SYMBOL        _ICE_DUMMY_
  D:0093H         PUBLIC        P0M1
  D:0092H         PUBLIC        P1M0
  D:0096H         PUBLIC        P2M0
  D:0091H         PUBLIC        P1M1
  D:0080H         PUBLIC        P0
  D:00B2H         PUBLIC        P3M0
  D:0095H         PUBLIC        P2M1
  D:0090H         PUBLIC        P1
  D:00B1H         PUBLIC        P3M1
  D:00A0H         PUBLIC        P2
  D:00CAH         PUBLIC        P5M0
  D:00B0H         PUBLIC        P3
  D:00C0H         PUBLIC        P4
  D:00C8H         PUBLIC        P5
  D:00E8H         PUBLIC        P6
  D:00F8H         PUBLIC        P7
  D:00BAH         PUBLIC        P_SW2
  D:00A8H         PUBLIC        IE
BL51 BANKED LINKER/LOCATER V6.22.2.0                                                  01/12/2023  17:00:20  PAGE 3


  D:00B8H         PUBLIC        IP
  C:0076H         PUBLIC        Port_Init
  C:005EH         PUBLIC        main
  B:0090H.0       PUBLIC        P10
  B:0090H.1       PUBLIC        P11
  B:0090H.2       PUBLIC        P12
  D:0098H         PUBLIC        SCON
  B:0090H.3       PUBLIC        P13
  B:0090H.4       PUBLIC        P14
  D:0088H         PUBLIC        TCON
  B:0090H.5       PUBLIC        P15
  C:0003H         PUBLIC        PWMA_Config
  D:00D0H         PUBLIC        PSW
  D:0094H         PUBLIC        P0M0
  -------         PROC          MAIN
  C:005EH         LINE#         36
  C:005EH         LINE#         37
  C:005EH         LINE#         38
  C:0061H         LINE#         40
  C:0064H         LINE#         41
  C:0067H         LINE#         42
  C:006AH         LINE#         43
  C:006DH         LINE#         44
  C:0070H         LINE#         45
  C:0073H         LINE#         46
  -------         ENDPROC       MAIN
  -------         PROC          PORT_INIT
  C:0076H         LINE#         49
  C:0076H         LINE#         50
  C:0076H         LINE#         51
  C:0079H         LINE#         52
  C:007BH         LINE#         53
  C:007DH         LINE#         54
  C:007FH         LINE#         55
  C:0081H         LINE#         56
  C:0083H         LINE#         57
  C:0085H         LINE#         58
  C:0087H         LINE#         59
  C:0089H         LINE#         60
  C:008BH         LINE#         61
  -------         ENDPROC       PORT_INIT
  -------         PROC          PWMA_CONFIG
  C:0003H         LINE#         63
  C:0003H         LINE#         64
  C:0003H         LINE#         66
  C:0005H         LINE#         67
  C:0007H         LINE#         68
  C:0009H         LINE#         69
  C:000BH         LINE#         70
  C:000DH         LINE#         71
  C:000FH         LINE#         74
  C:0012H         LINE#         75
  C:0015H         LINE#         77
  C:001EH         LINE#         78
  C:0024H         LINE#         80
  C:002DH         LINE#         81
  C:0032H         LINE#         82
BL51 BANKED LINKER/LOCATER V6.22.2.0                                                  01/12/2023  17:00:20  PAGE 4


  C:0034H         LINE#         83
  C:0038H         LINE#         84
  C:003AH         LINE#         85
  C:003EH         LINE#         86
  C:0040H         LINE#         87
  C:0044H         LINE#         89
  C:004AH         LINE#         90
  C:0051H         LINE#         91
  C:0058H         LINE#         92
  C:005DH         LINE#         93
  -------         ENDPROC       PWMA_CONFIG
  -------         ENDMOD        MAIN

*** WARNING L1: UNRESOLVED EXTERNAL SYMBOL
    SYMBOL:  ADC_CONFIG
    MODULE:  .\Objects\main.obj (MAIN)

*** WARNING L1: UNRESOLVED EXTERNAL SYMBOL
    SYMBOL:  CMP_CONFIG
    MODULE:  .\Objects\main.obj (MAIN)

*** WARNING L1: UNRESOLVED EXTERNAL SYMBOL
    SYMBOL:  TIMER0_CONFIG
    MODULE:  .\Objects\main.obj (MAIN)

*** WARNING L1: UNRESOLVED EXTERNAL SYMBOL
    SYMBOL:  TIMER3_CONFIG
    MODULE:  .\Objects\main.obj (MAIN)

*** WARNING L1: UNRESOLVED EXTERNAL SYMBOL
    SYMBOL:  TIMER4_CONFIG
    MODULE:  .\Objects\main.obj (MAIN)

*** WARNING L2: REFERENCE MADE TO UNRESOLVED EXTERNAL
    SYMBOL:  ADC_CONFIG
    MODULE:  .\Objects\main.obj (MAIN)
    ADDRESS: 0068H

*** WARNING L2: REFERENCE MADE TO UNRESOLVED EXTERNAL
    SYMBOL:  CMP_CONFIG
    MODULE:  .\Objects\main.obj (MAIN)
    ADDRESS: 006BH

*** WARNING L2: REFERENCE MADE TO UNRESOLVED EXTERNAL
    SYMBOL:  TIMER0_CONFIG
    MODULE:  .\Objects\main.obj (MAIN)
    ADDRESS: 006EH

*** WARNING L2: REFERENCE MADE TO UNRESOLVED EXTERNAL
    SYMBOL:  TIMER3_CONFIG
    MODULE:  .\Objects\main.obj (MAIN)
    ADDRESS: 0071H

*** WARNING L2: REFERENCE MADE TO UNRESOLVED EXTERNAL
    SYMBOL:  TIMER4_CONFIG
    MODULE:  .\Objects\main.obj (MAIN)
    ADDRESS: 0074H
BL51 BANKED LINKER/LOCATER V6.22.2.0                                                  01/12/2023  17:00:20  PAGE 5



Program Size: data=9.0 xdata=0 code=152
LINK/LOCATE RUN COMPLETE.  10 WARNING(S),  0 ERROR(S)
