BL51 BANKED LINKER/LOCATER V6.22.2.0                                                    01/16/2023  21:40:02  PAGE 1


BL51 BANKED LINKER/LOCATER V6.22.2.0, INVOKED BY:
D:\KEIL51\C51\BIN\BL51.EXE .\Objects\STARTUP.obj, .\Objects\main.obj TO .\Objects\STC8H1K17_ESC_TEST PRINT (.\Listings\S
>> TC8H1K17_ESC_TEST.m51) RAMSIZE (256)


MEMORY MODEL: SMALL


INPUT MODULES INCLUDED:
  .\Objects\STARTUP.obj (?C_STARTUP)
  .\Objects\main.obj (MAIN)
  D:\KEIL51\C51\LIB\C51S.LIB (?C?CLDPTR)
  D:\KEIL51\C51\LIB\C51S.LIB (?C?UIDIV)
  D:\KEIL51\C51\LIB\C51S.LIB (?C?ULSHR)


LINK MAP OF MODULE:  .\Objects\STC8H1K17_ESC_TEST (?C_STARTUP)


            TYPE    BASE      LENGTH    RELOCATION   SEGMENT NAME
            -----------------------------------------------------

            * * * * * * *   D A T A   M E M O R Y   * * * * * * *
            REG     0000H     0008H     ABSOLUTE     "REG BANK 0"
            DATA    0008H     0009H     UNIT         _DATA_GROUP_
                    0011H     000FH                  *** GAP ***
            BIT     0020H.0   0000H.7   UNIT         ?BI?MAIN
                    0020H.7   0000H.1                *** GAP ***
            DATA    0021H     0044H     UNIT         ?DT?MAIN
            IDATA   0065H     0001H     UNIT         ?STACK

            * * * * * * *   C O D E   M E M O R Y   * * * * * * *
            CODE    0000H     0003H     ABSOLUTE     
            CODE    0003H     0008H     UNIT         ?PR?_UARTSEND?MAIN
            CODE    000BH     0003H     ABSOLUTE     
            CODE    000EH     0014H     UNIT         ?PR?TIMER3_CONFIG?MAIN
                    0022H     0001H                  *** GAP ***
            CODE    0023H     0003H     ABSOLUTE     
            CODE    0026H     006BH     UNIT         ?PR?MOTOR_START?MAIN
            CODE    0091H     0003H     UNIT         ?PR?TIMER0_ISR?MAIN
            CODE    0094H     0003H     UNIT         ?PR?TIMER3_ISR?MAIN
                    0097H     0004H                  *** GAP ***
            CODE    009BH     0003H     ABSOLUTE     
                    009EH     0005H                  *** GAP ***
            CODE    00A3H     0003H     ABSOLUTE     
                    00A6H     0005H                  *** GAP ***
            CODE    00ABH     0003H     ABSOLUTE     
            CODE    00AEH     0025H     UNIT         ?PR?_UARTSENDSTR?MAIN
                    00D3H     0008H                  *** GAP ***
            CODE    00DBH     0003H     ABSOLUTE     
            CODE    00DEH     01C1H     UNIT         ?PR?MAIN?MAIN
            CODE    029FH     00E8H     UNIT         ?PR?CMP_ISR?MAIN
            CODE    0387H     00C0H     UNIT         ?PR?MOTOR_STEP?MAIN
            CODE    0447H     009EH     UNIT         ?PR?PWMA_CONFIG?MAIN
            CODE    04E5H     0081H     UNIT         ?C?LIB_CODE
            CODE    0566H     0057H     UNIT         ?PR?PWMB_ISR?MAIN
            CODE    05BDH     0054H     UNIT         ?PR?TIMER4_ISR?MAIN
            CODE    0611H     004EH     UNIT         ?PR?PWMB_CONFIG?MAIN
BL51 BANKED LINKER/LOCATER V6.22.2.0                                                  01/16/2023  21:40:02  PAGE 2


            CODE    065FH     0032H     UNIT         ?PR?UARTISR?MAIN
            CODE    0691H     0031H     UNIT         ?PR?_BEEP_1KHZ?MAIN
            CODE    06C2H     001EH     UNIT         ?PR?_DELAY_US?MAIN
            CODE    06E0H     0019H     UNIT         ?PR?ADC_CONFIG?MAIN
            CODE    06F9H     0019H     UNIT         ?CO?MAIN
            CODE    0712H     0016H     UNIT         ?PR?PORT_INIT?MAIN
            CODE    0728H     0012H     UNIT         ?PR?UART_CONFIG?MAIN
            CODE    073AH     0011H     UNIT         ?PR?TIMER0_CONFIG?MAIN
            CODE    074BH     0011H     UNIT         ?PR?TIMER4_CONFIG?MAIN
            CODE    075CH     0010H     UNIT         ?PR?_DELAY_N_MS?MAIN
            CODE    076CH     000DH     UNIT         ?PR?CMP_CONFIG?MAIN
            CODE    0779H     000CH     UNIT         ?C_C51STARTUP



OVERLAY MAP OF MODULE:   .\Objects\STC8H1K17_ESC_TEST (?C_STARTUP)


SEGMENT                          DATA_GROUP 
  +--> CALLED SEGMENT          START    LENGTH
----------------------------------------------
?C_C51STARTUP                  -----    -----
  +--> ?PR?MAIN?MAIN

?PR?MAIN?MAIN                  0008H    0006H
  +--> ?PR?PORT_INIT?MAIN
  +--> ?PR?PWMA_CONFIG?MAIN
  +--> ?PR?ADC_CONFIG?MAIN
  +--> ?PR?CMP_CONFIG?MAIN
  +--> ?PR?TIMER0_CONFIG?MAIN
  +--> ?PR?TIMER3_CONFIG?MAIN
  +--> ?PR?TIMER4_CONFIG?MAIN
  +--> ?PR?PWMB_CONFIG?MAIN
  +--> ?PR?UART_CONFIG?MAIN
  +--> ?PR?_DELAY_N_MS?MAIN
  +--> ?PR?_BEEP_1KHZ?MAIN
  +--> ?CO?MAIN
  +--> ?PR?_UARTSENDSTR?MAIN
  +--> ?PR?MOTOR_START?MAIN

?PR?_BEEP_1KHZ?MAIN            -----    -----
  +--> ?PR?_DELAY_US?MAIN

?PR?_UARTSENDSTR?MAIN          000EH    0003H
  +--> ?PR?_UARTSEND?MAIN

?PR?MOTOR_START?MAIN           -----    -----
  +--> ?PR?MOTOR_STEP?MAIN
  +--> ?PR?_DELAY_N_MS?MAIN
  +--> ?PR?_DELAY_US?MAIN

*** NEW ROOT ***************************************************

?PR?TIMER4_ISR?MAIN            -----    -----
  +--> ?PR?MOTOR_STEP?MAIN


BL51 BANKED LINKER/LOCATER V6.22.2.0                                                  01/16/2023  21:40:02  PAGE 3



SYMBOL TABLE OF MODULE:  .\Objects\STC8H1K17_ESC_TEST (?C_STARTUP)

  VALUE           TYPE          NAME
  ----------------------------------

  -------         MODULE        ?C_STARTUP
  C:0779H         SEGMENT       ?C_C51STARTUP
  I:0065H         SEGMENT       ?STACK
  C:0000H         PUBLIC        ?C_STARTUP
  D:00E0H         SYMBOL        ACC
  D:00F0H         SYMBOL        B
  D:0083H         SYMBOL        DPH
  D:0082H         SYMBOL        DPL
  N:0000H         SYMBOL        IBPSTACK
  N:0100H         SYMBOL        IBPSTACKTOP
  N:0080H         SYMBOL        IDATALEN
  C:077CH         SYMBOL        IDATALOOP
  N:0000H         SYMBOL        PBPSTACK
  N:0100H         SYMBOL        PBPSTACKTOP
  N:0000H         SYMBOL        PDATALEN
  N:0000H         SYMBOL        PDATASTART
  N:0000H         SYMBOL        PPAGE
  N:0000H         SYMBOL        PPAGEENABLE
  D:00A0H         SYMBOL        PPAGE_SFR
  D:0081H         SYMBOL        SP
  C:0779H         SYMBOL        STARTUP1
  N:0000H         SYMBOL        XBPSTACK
  N:0000H         SYMBOL        XBPSTACKTOP
  N:0000H         SYMBOL        XDATALEN
  N:0000H         SYMBOL        XDATASTART
  C:0000H         LINE#         126
  C:0779H         LINE#         133
  C:077BH         LINE#         134
  C:077CH         LINE#         135
  C:077DH         LINE#         136
  C:077FH         LINE#         185
  C:0782H         LINE#         196
  -------         ENDMOD        ?C_STARTUP

  -------         MODULE        MAIN
  C:0000H         SYMBOL        _ICE_DUMMY_
  D:0093H         PUBLIC        P0M1
  D:0092H         PUBLIC        P1M0
  D:0096H         PUBLIC        P2M0
  D:0091H         PUBLIC        P1M1
  D:0080H         PUBLIC        P0
  D:00B2H         PUBLIC        P3M0
  D:0095H         PUBLIC        P2M1
  D:0090H         PUBLIC        P1
  C:075CH         PUBLIC        _Delay_n_ms
  D:00B1H         PUBLIC        P3M1
  D:00A0H         PUBLIC        P2
  C:06E0H         PUBLIC        ADC_Config
  D:0021H         PUBLIC        PWM_Set
  D:00CAH         PUBLIC        P5M0
  D:00B0H         PUBLIC        P3
BL51 BANKED LINKER/LOCATER V6.22.2.0                                                  01/16/2023  21:40:02  PAGE 4


  C:0091H         PUBLIC        Timer0_ISR
  D:00C0H         PUBLIC        P4
  D:00C8H         PUBLIC        P5
  C:0026H         PUBLIC        Motor_Start
  D:00E8H         PUBLIC        P6
  B:00A8H.7       PUBLIC        EA
  C:0094H         PUBLIC        Timer3_ISR
  C:0566H         PUBLIC        PWMB_ISR
  D:00F8H         PUBLIC        P7
  C:05BDH         PUBLIC        Timer4_ISR
  D:0022H         PUBLIC        timeout
  D:00BAH         PUBLIC        P_SW2
  D:00A8H         PUBLIC        IE
  C:0387H         PUBLIC        Motor_Step
  D:0023H         PUBLIC        pwmb_cap_up
  D:0025H         PUBLIC        demagnetizing_cnt
  B:00A8H.4       PUBLIC        ES
  D:00B8H         PUBLIC        IP
  D:00DEH         PUBLIC        ADCCFG
  C:076CH         PUBLIC        CMP_Config
  B:0098H.0       PUBLIC        RI
  B:0098H.1       PUBLIC        TI
  C:0712H         PUBLIC        Port_Init
  D:0026H         PUBLIC        cap_res_lp
  B:0020H.0       PUBLIC        t0_flag
  B:0020H.1       PUBLIC        t3_flag
  C:00DEH         PUBLIC        main
  D:00E6H         PUBLIC        CMPCR1
  D:0028H         PUBLIC        cap_res_g
  D:00E7H         PUBLIC        CMPCR2
  C:0003H         PUBLIC        _UartSend
  D:0038H         PUBLIC        time_index
  C:029FH         PUBLIC        CMP_ISR
  D:00BCH         PUBLIC        ADC_CONTR
  D:0099H         PUBLIC        SBUF
  B:0090H.0       PUBLIC        P10
  B:0090H.1       PUBLIC        P11
  B:0090H.2       PUBLIC        P12
  D:0098H         PUBLIC        SCON
  B:0090H.3       PUBLIC        P13
  B:0090H.4       PUBLIC        P14
  D:0089H         PUBLIC        TMOD
  D:0088H         PUBLIC        TCON
  B:0090H.5       PUBLIC        P15
  D:0039H         PUBLIC        dtmp
  D:003BH         PUBLIC        uptmp
  C:0691H         PUBLIC        _beep_1KHz
  D:003DH         PUBLIC        step
  B:0020H.2       PUBLIC        m_starting
  D:00AFH         PUBLIC        IE2
  D:008EH         PUBLIC        AUXR
  B:0020H.3       PUBLIC        busy
  B:00A8H.1       PUBLIC        ET0
  D:003EH         PUBLIC        ch
  D:008CH         PUBLIC        TH0
  D:003FH         PUBLIC        pwmb_cap
  C:065FH         PUBLIC        UartIsr
BL51 BANKED LINKER/LOCATER V6.22.2.0                                                  01/16/2023  21:40:02  PAGE 5


  D:00D6H         PUBLIC        T2H
  D:0041H         PUBLIC        wptr
  D:00D4H         PUBLIC        T3H
  D:00D2H         PUBLIC        T4H
  D:008AH         PUBLIC        TL0
  D:00D7H         PUBLIC        T2L
  B:0020H.4       PUBLIC        m_running
  D:00D5H         PUBLIC        T3L
  D:00D3H         PUBLIC        T4L
  D:0042H         PUBLIC        PWM_Value
  B:0088H.4       PUBLIC        TR0
  C:0728H         PUBLIC        Uart_Config
  D:0043H         PUBLIC        phase_time_tmp
  C:06C9H         PUBLIC        _delay_us
  D:00D1H         PUBLIC        T4T3M
  C:00AEH         PUBLIC        _UartSendStr
  C:073AH         PUBLIC        Timer0_Config
  C:0447H         PUBLIC        PWMA_Config
  C:000EH         PUBLIC        Timer3_Config
  C:0611H         PUBLIC        PWMB_Config
  C:074BH         PUBLIC        Timer4_Config
  B:0020H.5       PUBLIC        pwmb_it_flag
  D:0053H         PUBLIC        pwmb_cap_res
  D:00D0H         PUBLIC        PSW
  B:0020H.6       PUBLIC        pwmb_up_flag
  D:0055H         PUBLIC        buffer
  D:0094H         PUBLIC        P0M0
  -------         PROC          UARTISR
  C:065FH         LINE#         11
  C:066AH         LINE#         13
  C:066DH         LINE#         14
  C:066DH         LINE#         15
  C:066FH         LINE#         16
  C:0671H         LINE#         17
  C:0671H         LINE#         18
  C:0674H         LINE#         19
  C:0674H         LINE#         20
  C:0676H         LINE#         21
  C:0680H         LINE#         22
  C:0685H         LINE#         23
  C:0688H         LINE#         24
  C:0688H         LINE#         25
  -------         ENDPROC       UARTISR
  -------         PROC          UART_CONFIG
  C:0728H         LINE#         27
  C:0728H         LINE#         28
  C:0728H         LINE#         29
  C:072BH         LINE#         30
  C:072EH         LINE#         31
  C:0731H         LINE#         32
  C:0734H         LINE#         33
  C:0737H         LINE#         34
  C:0739H         LINE#         35
  -------         ENDPROC       UART_CONFIG
  -------         PROC          _UARTSEND
  D:0007H         SYMBOL        dat
  C:0003H         LINE#         37
BL51 BANKED LINKER/LOCATER V6.22.2.0                                                  01/16/2023  21:40:02  PAGE 6


  C:0003H         LINE#         38
  C:0003H         LINE#         39
  C:0006H         LINE#         40
  C:0008H         LINE#         41
  C:000AH         LINE#         42
  -------         ENDPROC       _UARTSEND
  -------         PROC          _UARTSENDSTR
  D:000EH         SYMBOL        p
  C:00AEH         LINE#         44
  C:00B4H         LINE#         45
  C:00B4H         LINE#         46
  C:00BFH         LINE#         47
  C:00BFH         LINE#         48
  C:00D0H         LINE#         49
  C:00D2H         LINE#         50
  -------         ENDPROC       _UARTSENDSTR
  -------         PROC          PWMA_CONFIG
  C:0447H         LINE#         17
  C:0447H         LINE#         18
  C:0447H         LINE#         20
  C:0449H         LINE#         21
  C:044BH         LINE#         22
  C:044DH         LINE#         23
  C:044FH         LINE#         24
  C:0451H         LINE#         25
  C:0453H         LINE#         28
  C:0456H         LINE#         29
  C:0459H         LINE#         31
  C:0462H         LINE#         32
  C:0468H         LINE#         34
  C:0471H         LINE#         35
  C:0476H         LINE#         36
  C:0478H         LINE#         37
  C:047CH         LINE#         38
  C:047EH         LINE#         39
  C:0482H         LINE#         40
  C:0484H         LINE#         41
  C:0488H         LINE#         43
  C:048EH         LINE#         44
  C:0495H         LINE#         45
  C:049CH         LINE#         46
  C:04A1H         LINE#         48
  C:04A7H         LINE#         49
  C:04AEH         LINE#         50
  C:04B5H         LINE#         51
  C:04BAH         LINE#         53
  C:04C0H         LINE#         54
  C:04C7H         LINE#         55
  C:04CEH         LINE#         56
  C:04D3H         LINE#         58
  C:04D9H         LINE#         59
  C:04DEH         LINE#         60
  C:04E4H         LINE#         61
  -------         ENDPROC       PWMA_CONFIG
  -------         PROC          PWMB_CONFIG
  C:0611H         LINE#         73
  C:0611H         LINE#         74
BL51 BANKED LINKER/LOCATER V6.22.2.0                                                  01/16/2023  21:40:02  PAGE 7


  C:0611H         LINE#         76
  C:0614H         LINE#         77
  C:0617H         LINE#         78
  C:061EH         LINE#         80
  C:0623H         LINE#         81
  C:062AH         LINE#         82
  C:0631H         LINE#         83
  C:0635H         LINE#         84
  C:063CH         LINE#         86
  C:0642H         LINE#         87
  C:0645H         LINE#         89
  C:064BH         LINE#         90
  C:064DH         LINE#         91
  C:0651H         LINE#         92
  C:0658H         LINE#         94
  C:065EH         LINE#         96
  -------         ENDPROC       PWMB_CONFIG
  -------         PROC          PWMB_ISR
  C:0566H         LINE#         101
  C:057DH         LINE#         103
  C:0584H         LINE#         104
  C:0584H         LINE#         105
  C:0588H         LINE#         106
  C:058AH         LINE#         108
  C:05A8H         LINE#         109
  C:05A8H         LINE#         110
  -------         ENDPROC       PWMB_ISR
  -------         PROC          ADC_CONFIG
  C:06E0H         LINE#         12
  C:06E0H         LINE#         13
  C:06E0H         LINE#         15
  C:06E3H         LINE#         16
  C:06E6H         LINE#         19
  C:06E9H         LINE#         20
  C:06ECH         LINE#         22
  C:06EFH         LINE#         23
  C:06F2H         LINE#         24
  C:06F8H         LINE#         25
  -------         ENDPROC       ADC_CONFIG
  -------         PROC          _DELAY_N_MS
  D:0007H         SYMBOL        dly
  -------         DO            
  D:0004H         SYMBOL        j
  -------         ENDDO         
  C:075CH         LINE#         7
  C:075CH         LINE#         8
  C:075CH         LINE#         11
  C:075CH         LINE#         12
  C:0760H         LINE#         13
  C:0769H         LINE#         14
  C:076BH         LINE#         15
  -------         ENDPROC       _DELAY_N_MS
  -------         PROC          L?0139
  -------         ENDPROC       L?0139
  -------         PROC          _DELAY_US
  D:0007H         SYMBOL        us
  C:06C9H         LINE#         17
BL51 BANKED LINKER/LOCATER V6.22.2.0                                                  01/16/2023  21:40:02  PAGE 8


  C:06C9H         LINE#         18
  C:06C9H         LINE#         20
  C:06C9H         LINE#         21
  C:06CAH         LINE#         22
  C:06CBH         LINE#         23
  C:06CCH         LINE#         24
  C:06CDH         LINE#         25
  C:06CEH         LINE#         26
  C:06CFH         LINE#         27
  C:06D0H         LINE#         28
  C:06D1H         LINE#         29
  C:06D2H         LINE#         30
  C:06D3H         LINE#         31
  C:06D4H         LINE#         32
  C:06D5H         LINE#         33
  C:06D6H         LINE#         34
  C:06D7H         LINE#         35
  C:06D8H         LINE#         36
  C:06D9H         LINE#         37
  C:06DAH         LINE#         38
  C:06DBH         LINE#         39
  C:06DCH         LINE#         40
  C:06DDH         LINE#         41
  C:06DDH         LINE#         42
  C:06DFH         LINE#         43
  -------         ENDPROC       _DELAY_US
  -------         PROC          MOTOR_STEP
  C:0387H         LINE#         47
  C:0387H         LINE#         48
  C:0387H         LINE#         49
  C:03A2H         LINE#         50
  C:03A2H         LINE#         51
  C:03A2H         LINE#         52
  C:03A7H         LINE#         53
  C:03A9H         LINE#         54
  C:03ABH         LINE#         55
  C:03AFH         LINE#         56
  C:03B1H         LINE#         57
  C:03B3H         LINE#         58
  C:03B6H         LINE#         59
  C:03BBH         LINE#         62
  C:03BBH         LINE#         63
  C:03C1H         LINE#         64
  C:03C3H         LINE#         65
  C:03C5H         LINE#         66
  C:03C9H         LINE#         67
  C:03CBH         LINE#         68
  C:03CEH         LINE#         69
  C:03D3H         LINE#         70
  C:03D3H         LINE#         71
  C:03D5H         LINE#         72
  C:03D5H         LINE#         73
  C:03DAH         LINE#         74
  C:03DCH         LINE#         75
  C:03DEH         LINE#         76
  C:03E2H         LINE#         77
  C:03E5H         LINE#         78
BL51 BANKED LINKER/LOCATER V6.22.2.0                                                  01/16/2023  21:40:02  PAGE 9


  C:03E7H         LINE#         79
  C:03EAH         LINE#         80
  C:03EFH         LINE#         81
  C:03EFH         LINE#         82
  C:03F1H         LINE#         83
  C:03F1H         LINE#         84
  C:03F7H         LINE#         85
  C:03F9H         LINE#         86
  C:03FBH         LINE#         87
  C:03FFH         LINE#         88
  C:0401H         LINE#         89
  C:0404H         LINE#         90
  C:0409H         LINE#         91
  C:0409H         LINE#         92
  C:040BH         LINE#         93
  C:040BH         LINE#         94
  C:0410H         LINE#         95
  C:0412H         LINE#         96
  C:0414H         LINE#         97
  C:0418H         LINE#         98
  C:041BH         LINE#         99
  C:041DH         LINE#         100
  C:0420H         LINE#         101
  C:0427H         LINE#         102
  C:0427H         LINE#         103
  C:0429H         LINE#         104
  C:0429H         LINE#         105
  C:042FH         LINE#         106
  C:0431H         LINE#         107
  C:0433H         LINE#         108
  C:0437H         LINE#         109
  C:0439H         LINE#         110
  C:043CH         LINE#         111
  C:0443H         LINE#         112
  C:0446H         LINE#         113
  C:0446H         LINE#         114
  C:0446H         LINE#         115
  C:0446H         LINE#         116
  C:0446H         LINE#         117
  -------         ENDPROC       MOTOR_STEP
  -------         PROC          MOTOR_START
  -------         DO            
  D:0004H         SYMBOL        timer
  D:0002H         SYMBOL        i
  -------         ENDDO         
  C:0026H         LINE#         119
  C:0026H         LINE#         120
  C:0026H         LINE#         122
  C:0029H         LINE#         124
  C:002CH         LINE#         125
  C:0032H         LINE#         126
  C:0036H         LINE#         127
  C:003AH         LINE#         128
  C:003DH         LINE#         129
  C:0040H         LINE#         130
  C:0045H         LINE#         132
  C:0049H         LINE#         134
BL51 BANKED LINKER/LOCATER V6.22.2.0                                                  01/16/2023  21:40:02  PAGE 10


  C:0049H         LINE#         135
  C:0049H         LINE#         136
  C:005FH         LINE#         137
  C:0074H         LINE#         138
  C:0084H         LINE#         139
  C:0087H         LINE#         140
  C:0090H         LINE#         141
  C:0090H         LINE#         142
  -------         ENDPROC       MOTOR_START
  -------         PROC          TIMER0_CONFIG
  C:073AH         LINE#         7
  C:073AH         LINE#         8
  C:073AH         LINE#         9
  C:073DH         LINE#         10
  C:0740H         LINE#         13
  C:0743H         LINE#         14
  C:0746H         LINE#         15
  C:0748H         LINE#         16
  C:074AH         LINE#         17
  -------         ENDPROC       TIMER0_CONFIG
  -------         PROC          TIMER3_CONFIG
  C:000EH         LINE#         19
  C:000EH         LINE#         20
  C:000EH         LINE#         21
  C:0011H         LINE#         22
  C:0014H         LINE#         23
  C:0016H         LINE#         25
  C:001BH         LINE#         26
  C:001EH         LINE#         27
  C:0021H         LINE#         28
  -------         ENDPROC       TIMER3_CONFIG
  -------         PROC          TIMER4_CONFIG
  C:074BH         LINE#         30
  C:074BH         LINE#         31
  C:074BH         LINE#         32
  C:074EH         LINE#         33
  C:0751H         LINE#         34
  C:0753H         LINE#         39
  C:0758H         LINE#         40
  C:075BH         LINE#         42
  -------         ENDPROC       TIMER4_CONFIG
  -------         PROC          TIMER0_ISR
  C:0091H         LINE#         44
  C:0091H         LINE#         47
  C:0093H         LINE#         48
  -------         ENDPROC       TIMER0_ISR
  -------         PROC          TIMER3_ISR
  C:0094H         LINE#         50
  C:0094H         LINE#         53
  C:0096H         LINE#         54
  -------         ENDPROC       TIMER3_ISR
  -------         PROC          TIMER4_ISR
  C:05BDH         LINE#         59
  C:05CCH         LINE#         61
  C:05CFH         LINE#         63
  C:05D8H         LINE#         64
  C:05D8H         LINE#         65
BL51 BANKED LINKER/LOCATER V6.22.2.0                                                  01/16/2023  21:40:02  PAGE 11


  C:05DBH         LINE#         66
  C:05DEH         LINE#         67
  C:05DEH         LINE#         68
  C:05EEH         LINE#         69
  C:05F1H         LINE#         70
  C:05F1H         LINE#         72
  C:05F4H         LINE#         73
  C:05F7H         LINE#         74
  C:05FAH         LINE#         75
  C:05FCH         LINE#         76
  C:0602H         LINE#         77
  C:0602H         LINE#         78
  C:0604H         LINE#         79
  C:0604H         LINE#         80
  -------         ENDPROC       TIMER4_ISR
  -------         PROC          CMP_CONFIG
  C:076CH         LINE#         9
  C:076CH         LINE#         10
  C:076CH         LINE#         12
  C:076FH         LINE#         13
  C:0772H         LINE#         15
  C:0775H         LINE#         18
  C:0778H         LINE#         19
  -------         ENDPROC       CMP_CONFIG
  -------         PROC          CMP_ISR
  -------         DO            
  D:0004H         SYMBOL        phase_time
  D:0007H         SYMBOL        i
  -------         ENDDO         
  C:029FH         LINE#         24
  C:02B2H         LINE#         29
  C:02B5H         LINE#         31
  C:02BCH         LINE#         32
  C:02BCH         LINE#         33
  C:02BFH         LINE#         34
  C:02C2H         LINE#         35
  C:02C2H         LINE#         36
  C:02C4H         LINE#         37
  C:02C8H         LINE#         38
  C:02CAH         LINE#         40
  C:02CAH         LINE#         41
  C:02DDH         LINE#         42
  C:02DDH         LINE#         43
  C:02DDH         LINE#         44
  C:02E0H         LINE#         45
  C:02E3H         LINE#         46
  C:02E6H         LINE#         48
  C:02F2H         LINE#         49
  C:0302H         LINE#         50
  C:0312H         LINE#         51
  C:0312H         LINE#         52
  C:0321H         LINE#         53
  C:0324H         LINE#         54
  C:0332H         LINE#         55
  C:0342H         LINE#         56
  C:0342H         LINE#         57
  C:0345H         LINE#         58
BL51 BANKED LINKER/LOCATER V6.22.2.0                                                  01/16/2023  21:40:02  PAGE 12


  C:0345H         LINE#         59
  C:0358H         LINE#         60
  C:035CH         LINE#         62
  C:035FH         LINE#         63
  C:0366H         LINE#         64
  C:036CH         LINE#         65
  C:036EH         LINE#         66
  C:0370H         LINE#         67
  C:0373H         LINE#         68
  C:0376H         LINE#         69
  C:0376H         LINE#         70
  -------         ENDPROC       CMP_ISR
  -------         PROC          _BEEP_1KHZ
  D:0004H         SYMBOL        _ms
  C:0691H         LINE#         4
  C:0695H         LINE#         5
  C:0695H         LINE#         6
  C:0697H         LINE#         8
  C:06A1H         LINE#         9
  C:06A1H         LINE#         10
  C:06A3H         LINE#         11
  C:06A8H         LINE#         12
  C:06AAH         LINE#         13
  C:06AAH         LINE#         14
  C:06ADH         LINE#         16
  C:06AFH         LINE#         17
  C:06B4H         LINE#         18
  C:06B6H         LINE#         19
  C:06B6H         LINE#         20
  C:06B9H         LINE#         21
  C:06BBH         LINE#         22
  C:06BDH         LINE#         23
  C:06BFH         LINE#         24
  C:06C1H         LINE#         25
  -------         ENDPROC       _BEEP_1KHZ
  -------         PROC          MAIN
  -------         DO            
  D:0008H         SYMBOL        i
  D:0009H         SYMBOL        j
  D:000AH         SYMBOL        sum
  -------         ENDDO         
  C:00DEH         LINE#         40
  C:00DEH         LINE#         41
  C:00DEH         LINE#         46
  C:00E1H         LINE#         48
  C:00E4H         LINE#         50
  C:00E7H         LINE#         51
  C:00EAH         LINE#         52
  C:00EDH         LINE#         53
  C:00F0H         LINE#         54
  C:00F3H         LINE#         55
  C:00F6H         LINE#         57
  C:00F9H         LINE#         59
  C:00FCH         LINE#         60
  C:00FEH         LINE#         62
  C:0101H         LINE#         63
  C:0103H         LINE#         64
BL51 BANKED LINKER/LOCATER V6.22.2.0                                                  01/16/2023  21:40:02  PAGE 13


  C:0105H         LINE#         66
  C:010AH         LINE#         67
  C:0111H         LINE#         68
  C:0116H         LINE#         70
  C:0118H         LINE#         72
  C:0121H         LINE#         74
  C:0121H         LINE#         75
  C:0121H         LINE#         76
  C:0124H         LINE#         77
  C:0124H         LINE#         78
  C:0126H         LINE#         80
  C:012AH         LINE#         81
  C:012AH         LINE#         82
  C:0130H         LINE#         83
  C:0130H         LINE#         84
  C:0132H         LINE#         85
  C:0134H         LINE#         86
  C:0137H         LINE#         87
  C:013BH         LINE#         88
  C:0141H         LINE#         89
  C:0145H         LINE#         90
  C:0149H         LINE#         91
  C:014BH         LINE#         92
  C:014DH         LINE#         93
  C:014FH         LINE#         94
  C:0154H         LINE#         95
  C:0154H         LINE#         96
  C:0154H         LINE#         97
  C:0162H         LINE#         98
  C:0162H         LINE#         100
  C:0164H         LINE#         101
  C:0182H         LINE#         102
  C:0185H         LINE#         103
  C:0187H         LINE#         104
  C:018AH         LINE#         105
  C:018DH         LINE#         106
  C:0197H         LINE#         107
  C:019AH         LINE#         108
  C:019CH         LINE#         109
  C:01A1H         LINE#         110
  C:01A6H         LINE#         111
  C:01A9H         LINE#         112
  C:01A9H         LINE#         113
  C:01ACH         LINE#         114
  C:01ACH         LINE#         116
  C:01B5H         LINE#         117
  C:01BEH         LINE#         118
  C:01C9H         LINE#         119
  C:01C9H         LINE#         120
  C:01CBH         LINE#         121
  C:01CEH         LINE#         122
  C:01D1H         LINE#         123
  C:01D5H         LINE#         124
  C:01D7H         LINE#         125
  C:01D9H         LINE#         126
  C:01DBH         LINE#         127
  C:01DBH         LINE#         128
BL51 BANKED LINKER/LOCATER V6.22.2.0                                                  01/16/2023  21:40:02  PAGE 14


  C:01E1H         LINE#         129
  C:01E5H         LINE#         130
  C:01E9H         LINE#         131
  C:01E9H         LINE#         133
  C:01F5H         LINE#         134
  C:01F7H         LINE#         135
  C:01FAH         LINE#         136
  C:0210H         LINE#         137
  C:0210H         LINE#         138
  C:0233H         LINE#         139
  C:0237H         LINE#         140
  C:0248H         LINE#         141
  C:0253H         LINE#         142
  C:0253H         LINE#         143
  C:0256H         LINE#         144
  C:0259H         LINE#         145
  C:0264H         LINE#         146
  C:0264H         LINE#         147
  C:0267H         LINE#         148
  C:026AH         LINE#         149
  C:0286H         LINE#         150
  C:0286H         LINE#         151
  C:029CH         LINE#         152
  C:029CH         LINE#         154
  C:029CH         LINE#         155
  -------         ENDPROC       MAIN
  -------         PROC          PORT_INIT
  C:0712H         LINE#         158
  C:0712H         LINE#         159
  C:0712H         LINE#         160
  C:0715H         LINE#         161
  C:0717H         LINE#         162
  C:0719H         LINE#         163
  C:071BH         LINE#         164
  C:071DH         LINE#         165
  C:071FH         LINE#         166
  C:0721H         LINE#         167
  C:0723H         LINE#         168
  C:0725H         LINE#         169
  C:0727H         LINE#         170
  -------         ENDPROC       PORT_INIT
  -------         ENDMOD        MAIN

  -------         MODULE        ?C?CLDPTR
  C:04E5H         PUBLIC        ?C?CLDPTR
  -------         ENDMOD        ?C?CLDPTR

  -------         MODULE        ?C?UIDIV
  C:04FEH         PUBLIC        ?C?UIDIV
  -------         ENDMOD        ?C?UIDIV

  -------         MODULE        ?C?ULSHR
  C:0553H         PUBLIC        ?C?ULSHR
  -------         ENDMOD        ?C?ULSHR

Program Size: data=86.7 xdata=0 code=1902
LINK/LOCATE RUN COMPLETE.  0 WARNING(S),  0 ERROR(S)
